// Jest Snapshot v1, https://goo.gl/fbAQLP

exports[`SocialMediaLinks Snapshot Renders the UI snapshot correctly when the layout is in a row. 1`] = `
<ul
  className="css-1u8qly9"
  id="socialmedialinks-test"
>
  <li>
    <a
      className="chakra-link css-1xdhyk6"
      href="https://www.nypl.org/blog/all?channel=732"
      rel="nofollow noopener noreferrer"
      target="_blank"
    >
      <div
        className="platLink"
      >
        <svg
          aria-hidden={true}
          className="chakra-icon css-1grhd2q"
          focusable={false}
          role="img"
          title="Teachers Blog"
          viewBox="0 0 24 24"
        >
          <g
            stroke="currentColor"
            strokeWidth="1.5"
          >
            <path
              d="M9,9a3,3,0,1,1,4,2.829,1.5,1.5,0,0,0-1,1.415V14.25"
              fill="none"
              strokeLinecap="round"
            />
            <path
              d="M12,17.25a.375.375,0,1,0,.375.375A.375.375,0,0,0,12,17.25h0"
              fill="currentColor"
              strokeLinecap="round"
            />
            <circle
              cx="12"
              cy="12"
              fill="none"
              r="11.25"
              strokeMiterlimit="10"
            />
          </g>
        </svg>
      </div>
      <span
        className="css-0"
      >
        Teachers Blog
      </span>
    </a>
  </li>
  <li>
    <a
      className="chakra-link css-1xdhyk6"
      href="https://www.instagram.com/nyplteens/?hl=en"
      rel="nofollow noopener noreferrer"
      target="_blank"
    >
      <div
        className="platLink"
      >
        <svg
          aria-hidden={true}
          className="chakra-icon css-1grhd2q"
          focusable={false}
          role="img"
          title="Teens Instagram"
          viewBox="0 0 24 24"
        >
          <g
            stroke="currentColor"
            strokeWidth="1.5"
          >
            <path
              d="M9,9a3,3,0,1,1,4,2.829,1.5,1.5,0,0,0-1,1.415V14.25"
              fill="none"
              strokeLinecap="round"
            />
            <path
              d="M12,17.25a.375.375,0,1,0,.375.375A.375.375,0,0,0,12,17.25h0"
              fill="currentColor"
              strokeLinecap="round"
            />
            <circle
              cx="12"
              cy="12"
              fill="none"
              r="11.25"
              strokeMiterlimit="10"
            />
          </g>
        </svg>
      </div>
      <span
        className="css-0"
      >
        Teens Instagram
      </span>
    </a>
  </li>
</ul>
`;

exports[`SocialMediaLinks Snapshot Renders the UI snapshot correctly when the layout is in a row. 2`] = `
<ul
  className="css-1hc2wnn"
  id="socialmedialinks-test"
>
  <li>
    <a
      className="chakra-link css-1xdhyk6"
      href="https://www.nypl.org/blog/all?channel=732"
      rel="nofollow noopener noreferrer"
      target="_blank"
    >
      <div
        className="platLink"
      >
        <svg
          aria-hidden={true}
          className="chakra-icon css-1grhd2q"
          focusable={false}
          role="img"
          title="Teachers Blog"
          viewBox="0 0 24 24"
        >
          <g
            stroke="currentColor"
            strokeWidth="1.5"
          >
            <path
              d="M9,9a3,3,0,1,1,4,2.829,1.5,1.5,0,0,0-1,1.415V14.25"
              fill="none"
              strokeLinecap="round"
            />
            <path
              d="M12,17.25a.375.375,0,1,0,.375.375A.375.375,0,0,0,12,17.25h0"
              fill="currentColor"
              strokeLinecap="round"
            />
            <circle
              cx="12"
              cy="12"
              fill="none"
              r="11.25"
              strokeMiterlimit="10"
            />
          </g>
        </svg>
      </div>
      <span
        className="css-0"
      >
        Teachers Blog
      </span>
    </a>
  </li>
  <li>
    <a
      className="chakra-link css-1xdhyk6"
      href="https://www.instagram.com/nyplteens/?hl=en"
      rel="nofollow noopener noreferrer"
      target="_blank"
    >
      <div
        className="platLink"
      >
        <svg
          aria-hidden={true}
          className="chakra-icon css-1grhd2q"
          focusable={false}
          role="img"
          title="Teens Instagram"
          viewBox="0 0 24 24"
        >
          <g
            stroke="currentColor"
            strokeWidth="1.5"
          >
            <path
              d="M9,9a3,3,0,1,1,4,2.829,1.5,1.5,0,0,0-1,1.415V14.25"
              fill="none"
              strokeLinecap="round"
            />
            <path
              d="M12,17.25a.375.375,0,1,0,.375.375A.375.375,0,0,0,12,17.25h0"
              fill="currentColor"
              strokeLinecap="round"
            />
            <circle
              cx="12"
              cy="12"
              fill="none"
              r="11.25"
              strokeMiterlimit="10"
            />
          </g>
        </svg>
      </div>
      <span
        className="css-0"
      >
        Teens Instagram
      </span>
    </a>
  </li>
</ul>
`;

exports[`SocialMediaLinks Snapshot Renders the UI snapshot correctly when the layout is in a row. 3`] = `
<ul
  className="css-1hc2wnn"
  id="socialmedialinks-test"
>
  <li>
    <a
      className="chakra-link css-1xdhyk6"
      href="https://www.nypl.org/blog/all?channel=732"
      rel="nofollow noopener noreferrer"
      target="_blank"
    >
      <div
        className="platLink"
      >
        <svg
          aria-hidden={true}
          className="chakra-icon css-1grhd2q"
          focusable={false}
          role="img"
          title="Teachers Blog"
          viewBox="0 0 24 24"
        >
          <g
            stroke="currentColor"
            strokeWidth="1.5"
          >
            <path
              d="M9,9a3,3,0,1,1,4,2.829,1.5,1.5,0,0,0-1,1.415V14.25"
              fill="none"
              strokeLinecap="round"
            />
            <path
              d="M12,17.25a.375.375,0,1,0,.375.375A.375.375,0,0,0,12,17.25h0"
              fill="currentColor"
              strokeLinecap="round"
            />
            <circle
              cx="12"
              cy="12"
              fill="none"
              r="11.25"
              strokeMiterlimit="10"
            />
          </g>
        </svg>
        <span>
          Teachers Blog
        </span>
      </div>
    </a>
  </li>
  <li>
    <a
      className="chakra-link css-1xdhyk6"
      href="https://www.instagram.com/nyplteens/?hl=en"
      rel="nofollow noopener noreferrer"
      target="_blank"
    >
      <div
        className="platLink"
      >
        <svg
          aria-hidden={true}
          className="chakra-icon css-1grhd2q"
          focusable={false}
          role="img"
          title="Teens Instagram"
          viewBox="0 0 24 24"
        >
          <g
            stroke="currentColor"
            strokeWidth="1.5"
          >
            <path
              d="M9,9a3,3,0,1,1,4,2.829,1.5,1.5,0,0,0-1,1.415V14.25"
              fill="none"
              strokeLinecap="round"
            />
            <path
              d="M12,17.25a.375.375,0,1,0,.375.375A.375.375,0,0,0,12,17.25h0"
              fill="currentColor"
              strokeLinecap="round"
            />
            <circle
              cx="12"
              cy="12"
              fill="none"
              r="11.25"
              strokeMiterlimit="10"
            />
          </g>
        </svg>
        <span>
          Teens Instagram
        </span>
      </div>
    </a>
  </li>
</ul>
`;

exports[`SocialMediaLinks Snapshot Renders the UI snapshot correctly when the layout is in a row. 4`] = `
<ul
  className="css-1hc2wnn"
  id="socialmedialinks-test"
>
  <li>
    <a
      className="chakra-link css-1xdhyk6"
      href="https://www.nypl.org/blog/all?channel=732"
      rel="nofollow noopener noreferrer"
      target="_blank"
    >
      <div
        className="platLink"
      >
        <svg
          aria-hidden={true}
          className="chakra-icon css-1grhd2q"
          focusable={false}
          role="img"
          title="Teachers Blog"
          viewBox="0 0 24 24"
        >
          <g
            stroke="currentColor"
            strokeWidth="1.5"
          >
            <path
              d="M9,9a3,3,0,1,1,4,2.829,1.5,1.5,0,0,0-1,1.415V14.25"
              fill="none"
              strokeLinecap="round"
            />
            <path
              d="M12,17.25a.375.375,0,1,0,.375.375A.375.375,0,0,0,12,17.25h0"
              fill="currentColor"
              strokeLinecap="round"
            />
            <circle
              cx="12"
              cy="12"
              fill="none"
              r="11.25"
              strokeMiterlimit="10"
            />
          </g>
        </svg>
      </div>
      <span
        className="css-0"
      >
        Teachers Blog
      </span>
    </a>
  </li>
  <li>
    <a
      className="chakra-link css-1xdhyk6"
      href="https://www.instagram.com/nyplteens/?hl=en"
      rel="nofollow noopener noreferrer"
      target="_blank"
    >
      <div
        className="platLink"
      >
        <svg
          aria-hidden={true}
          className="chakra-icon css-1grhd2q"
          focusable={false}
          role="img"
          title="Teens Instagram"
          viewBox="0 0 24 24"
        >
          <g
            stroke="currentColor"
            strokeWidth="1.5"
          >
            <path
              d="M9,9a3,3,0,1,1,4,2.829,1.5,1.5,0,0,0-1,1.415V14.25"
              fill="none"
              strokeLinecap="round"
            />
            <path
              d="M12,17.25a.375.375,0,1,0,.375.375A.375.375,0,0,0,12,17.25h0"
              fill="currentColor"
              strokeLinecap="round"
            />
            <circle
              cx="12"
              cy="12"
              fill="none"
              r="11.25"
              strokeMiterlimit="10"
            />
          </g>
        </svg>
      </div>
      <span
        className="css-0"
      >
        Teens Instagram
      </span>
    </a>
  </li>
</ul>
`;

exports[`SocialMediaLinks Snapshot Renders the UI snapshot correctly when the layout is in a row. 5`] = `
<ul
  className="css-1hc2wnn"
  id="socialmedialinks-test"
>
  <li>
    <a
      className="chakra-link css-1xdhyk6"
      href="https://www.nypl.org/blog/all?channel=732"
      rel="nofollow noopener noreferrer"
      target="_blank"
    >
      <div
        className="platLink"
      >
        <svg
          aria-hidden={true}
          className="chakra-icon css-1grhd2q"
          focusable={false}
          role="img"
          title="Teachers Blog"
          viewBox="0 0 24 24"
        >
          <g
            stroke="currentColor"
            strokeWidth="1.5"
          >
            <path
              d="M9,9a3,3,0,1,1,4,2.829,1.5,1.5,0,0,0-1,1.415V14.25"
              fill="none"
              strokeLinecap="round"
            />
            <path
              d="M12,17.25a.375.375,0,1,0,.375.375A.375.375,0,0,0,12,17.25h0"
              fill="currentColor"
              strokeLinecap="round"
            />
            <circle
              cx="12"
              cy="12"
              fill="none"
              r="11.25"
              strokeMiterlimit="10"
            />
          </g>
        </svg>
      </div>
      <span
        className="css-0"
      >
        Teachers Blog
      </span>
    </a>
  </li>
  <li>
    <a
      className="chakra-link css-1xdhyk6"
      href="https://www.instagram.com/nyplteens/?hl=en"
      rel="nofollow noopener noreferrer"
      target="_blank"
    >
      <div
        className="platLink"
      >
        <svg
          aria-hidden={true}
          className="chakra-icon css-1grhd2q"
          focusable={false}
          role="img"
          title="Teens Instagram"
          viewBox="0 0 24 24"
        >
          <g
            stroke="currentColor"
            strokeWidth="1.5"
          >
            <path
              d="M9,9a3,3,0,1,1,4,2.829,1.5,1.5,0,0,0-1,1.415V14.25"
              fill="none"
              strokeLinecap="round"
            />
            <path
              d="M12,17.25a.375.375,0,1,0,.375.375A.375.375,0,0,0,12,17.25h0"
              fill="currentColor"
              strokeLinecap="round"
            />
            <circle
              cx="12"
              cy="12"
              fill="none"
              r="11.25"
              strokeMiterlimit="10"
            />
          </g>
        </svg>
      </div>
      <span
        className="css-0"
      >
        Teens Instagram
      </span>
    </a>
  </li>
</ul>
`;

exports[`SocialMediaLinks Snapshot Renders the UI snapshot correctly when the layout is in a row. 6`] = `
<ul
  className="css-1hc2wnn"
  id="socialmedialinks-test"
>
  <li>
    <a
      className="chakra-link css-1xdhyk6"
      href="https://www.nypl.org/blog/all?channel=732"
      rel="nofollow noopener noreferrer"
      target="_blank"
    >
      <div
        className="platLink"
      >
        <svg
          aria-hidden={true}
          className="chakra-icon css-1grhd2q"
          focusable={false}
          role="img"
          title="Teachers Blog"
          viewBox="0 0 24 24"
        >
          <g
            stroke="currentColor"
            strokeWidth="1.5"
          >
            <path
              d="M9,9a3,3,0,1,1,4,2.829,1.5,1.5,0,0,0-1,1.415V14.25"
              fill="none"
              strokeLinecap="round"
            />
            <path
              d="M12,17.25a.375.375,0,1,0,.375.375A.375.375,0,0,0,12,17.25h0"
              fill="currentColor"
              strokeLinecap="round"
            />
            <circle
              cx="12"
              cy="12"
              fill="none"
              r="11.25"
              strokeMiterlimit="10"
            />
          </g>
        </svg>
        <span>
          Teachers Blog
        </span>
      </div>
    </a>
  </li>
  <li>
    <a
      className="chakra-link css-1xdhyk6"
      href="https://www.instagram.com/nyplteens/?hl=en"
      rel="nofollow noopener noreferrer"
      target="_blank"
    >
      <div
        className="platLink"
      >
        <svg
          aria-hidden={true}
          className="chakra-icon css-1grhd2q"
          focusable={false}
          role="img"
          title="Teens Instagram"
          viewBox="0 0 24 24"
        >
          <g
            stroke="currentColor"
            strokeWidth="1.5"
          >
            <path
              d="M9,9a3,3,0,1,1,4,2.829,1.5,1.5,0,0,0-1,1.415V14.25"
              fill="none"
              strokeLinecap="round"
            />
            <path
              d="M12,17.25a.375.375,0,1,0,.375.375A.375.375,0,0,0,12,17.25h0"
              fill="currentColor"
              strokeLinecap="round"
            />
            <circle
              cx="12"
              cy="12"
              fill="none"
              r="11.25"
              strokeMiterlimit="10"
            />
          </g>
        </svg>
        <span>
          Teens Instagram
        </span>
      </div>
    </a>
  </li>
</ul>
`;

exports[`SocialMediaLinks Snapshot Renders the UI snapshot correctly when the layout is in a row. 7`] = `
<ul
  className="css-fg54o4"
  id="socialmedialinks-test"
>
  <li>
    <a
      className="chakra-link css-1xdhyk6"
      href="https://www.nypl.org/blog/all?channel=732"
      rel="nofollow noopener noreferrer"
      target="_blank"
    >
      <div
        className="platLink"
      >
        <svg
          aria-hidden={true}
          className="chakra-icon css-1grhd2q"
          focusable={false}
          role="img"
          title="Teachers Blog"
          viewBox="0 0 24 24"
        >
          <g
            stroke="currentColor"
            strokeWidth="1.5"
          >
            <path
              d="M9,9a3,3,0,1,1,4,2.829,1.5,1.5,0,0,0-1,1.415V14.25"
              fill="none"
              strokeLinecap="round"
            />
            <path
              d="M12,17.25a.375.375,0,1,0,.375.375A.375.375,0,0,0,12,17.25h0"
              fill="currentColor"
              strokeLinecap="round"
            />
            <circle
              cx="12"
              cy="12"
              fill="none"
              r="11.25"
              strokeMiterlimit="10"
            />
          </g>
        </svg>
      </div>
      <span
        className="css-0"
      >
        Teachers Blog
      </span>
    </a>
  </li>
  <li>
    <a
      className="chakra-link css-1xdhyk6"
      href="https://www.instagram.com/nyplteens/?hl=en"
      rel="nofollow noopener noreferrer"
      target="_blank"
    >
      <div
        className="platLink"
      >
        <svg
          aria-hidden={true}
          className="chakra-icon css-1grhd2q"
          focusable={false}
          role="img"
          title="Teens Instagram"
          viewBox="0 0 24 24"
        >
          <g
            stroke="currentColor"
            strokeWidth="1.5"
          >
            <path
              d="M9,9a3,3,0,1,1,4,2.829,1.5,1.5,0,0,0-1,1.415V14.25"
              fill="none"
              strokeLinecap="round"
            />
            <path
              d="M12,17.25a.375.375,0,1,0,.375.375A.375.375,0,0,0,12,17.25h0"
              fill="currentColor"
              strokeLinecap="round"
            />
            <circle
              cx="12"
              cy="12"
              fill="none"
              r="11.25"
              strokeMiterlimit="10"
            />
          </g>
        </svg>
      </div>
      <span
        className="css-0"
      >
        Teens Instagram
      </span>
    </a>
  </li>
</ul>
`;

exports[`SocialMediaLinks Snapshot Renders the UI snapshot correctly when the layout is in a row. 8`] = `
<ul
  className="css-fg54o4"
  id="socialmedialinks-test"
>
  <li>
    <a
      className="chakra-link css-1xdhyk6"
      href="https://www.nypl.org/blog/all?channel=732"
      rel="nofollow noopener noreferrer"
      target="_blank"
    >
      <div
        className="platLink"
      >
        <svg
          aria-hidden={true}
          className="chakra-icon css-1grhd2q"
          focusable={false}
          role="img"
          title="Teachers Blog"
          viewBox="0 0 24 24"
        >
          <g
            stroke="currentColor"
            strokeWidth="1.5"
          >
            <path
              d="M9,9a3,3,0,1,1,4,2.829,1.5,1.5,0,0,0-1,1.415V14.25"
              fill="none"
              strokeLinecap="round"
            />
            <path
              d="M12,17.25a.375.375,0,1,0,.375.375A.375.375,0,0,0,12,17.25h0"
              fill="currentColor"
              strokeLinecap="round"
            />
            <circle
              cx="12"
              cy="12"
              fill="none"
              r="11.25"
              strokeMiterlimit="10"
            />
          </g>
        </svg>
        <span>
          Teachers Blog
        </span>
      </div>
    </a>
  </li>
  <li>
    <a
      className="chakra-link css-1xdhyk6"
      href="https://www.instagram.com/nyplteens/?hl=en"
      rel="nofollow noopener noreferrer"
      target="_blank"
    >
      <div
        className="platLink"
      >
        <svg
          aria-hidden={true}
          className="chakra-icon css-1grhd2q"
          focusable={false}
          role="img"
          title="Teens Instagram"
          viewBox="0 0 24 24"
        >
          <g
            stroke="currentColor"
            strokeWidth="1.5"
          >
            <path
              d="M9,9a3,3,0,1,1,4,2.829,1.5,1.5,0,0,0-1,1.415V14.25"
              fill="none"
              strokeLinecap="round"
            />
            <path
              d="M12,17.25a.375.375,0,1,0,.375.375A.375.375,0,0,0,12,17.25h0"
              fill="currentColor"
              strokeLinecap="round"
            />
            <circle
              cx="12"
              cy="12"
              fill="none"
              r="11.25"
              strokeMiterlimit="10"
            />
          </g>
        </svg>
        <span>
          Teens Instagram
        </span>
      </div>
    </a>
  </li>
</ul>
`;

exports[`SocialMediaLinks Snapshot Renders the UI snapshot correctly when the layout is in a row. 9`] = `
<ul
  className="css-fg54o4"
  id="socialmedialinks-test"
>
  <li>
    <a
      className="chakra-link css-1xdhyk6"
      href="https://www.nypl.org/blog/all?channel=732"
      rel="nofollow noopener noreferrer"
      target="_blank"
    >
      <div
        className="platLink"
      >
        <svg
          aria-hidden={true}
          className="chakra-icon css-1grhd2q"
          focusable={false}
          role="img"
          title="Teachers Blog"
          viewBox="0 0 24 24"
        >
          <g
            stroke="currentColor"
            strokeWidth="1.5"
          >
            <path
              d="M9,9a3,3,0,1,1,4,2.829,1.5,1.5,0,0,0-1,1.415V14.25"
              fill="none"
              strokeLinecap="round"
            />
            <path
              d="M12,17.25a.375.375,0,1,0,.375.375A.375.375,0,0,0,12,17.25h0"
              fill="currentColor"
              strokeLinecap="round"
            />
            <circle
              cx="12"
              cy="12"
              fill="none"
              r="11.25"
              strokeMiterlimit="10"
            />
          </g>
        </svg>
      </div>
      <span
        className="css-0"
      >
        Teachers Blog
      </span>
    </a>
  </li>
  <li>
    <a
      className="chakra-link css-1xdhyk6"
      href="https://www.instagram.com/nyplteens/?hl=en"
      rel="nofollow noopener noreferrer"
      target="_blank"
    >
      <div
        className="platLink"
      >
        <svg
          aria-hidden={true}
          className="chakra-icon css-1grhd2q"
          focusable={false}
          role="img"
          title="Teens Instagram"
          viewBox="0 0 24 24"
        >
          <g
            stroke="currentColor"
            strokeWidth="1.5"
          >
            <path
              d="M9,9a3,3,0,1,1,4,2.829,1.5,1.5,0,0,0-1,1.415V14.25"
              fill="none"
              strokeLinecap="round"
            />
            <path
              d="M12,17.25a.375.375,0,1,0,.375.375A.375.375,0,0,0,12,17.25h0"
              fill="currentColor"
              strokeLinecap="round"
            />
            <circle
              cx="12"
              cy="12"
              fill="none"
              r="11.25"
              strokeMiterlimit="10"
            />
          </g>
        </svg>
      </div>
      <span
        className="css-0"
      >
        Teens Instagram
      </span>
    </a>
  </li>
</ul>
`;

exports[`SocialMediaLinks Snapshot Renders the UI snapshot correctly when the layout is in a row. 10`] = `
<ul
  className="css-fg54o4"
  id="socialmedialinks-test"
>
  <li>
    <a
      className="chakra-link css-1xdhyk6"
      href="https://www.nypl.org/blog/all?channel=732"
      rel="nofollow noopener noreferrer"
      target="_blank"
    >
      <div
        className="platLink"
      >
        <svg
          aria-hidden={true}
          className="chakra-icon css-1grhd2q"
          focusable={false}
          role="img"
          title="Teachers Blog"
          viewBox="0 0 24 24"
        >
          <g
            stroke="currentColor"
            strokeWidth="1.5"
          >
            <path
              d="M9,9a3,3,0,1,1,4,2.829,1.5,1.5,0,0,0-1,1.415V14.25"
              fill="none"
              strokeLinecap="round"
            />
            <path
              d="M12,17.25a.375.375,0,1,0,.375.375A.375.375,0,0,0,12,17.25h0"
              fill="currentColor"
              strokeLinecap="round"
            />
            <circle
              cx="12"
              cy="12"
              fill="none"
              r="11.25"
              strokeMiterlimit="10"
            />
          </g>
        </svg>
      </div>
      <span
        className="css-0"
      >
        Teachers Blog
      </span>
    </a>
  </li>
  <li>
    <a
      className="chakra-link css-1xdhyk6"
      href="https://www.instagram.com/nyplteens/?hl=en"
      rel="nofollow noopener noreferrer"
      target="_blank"
    >
      <div
        className="platLink"
      >
        <svg
          aria-hidden={true}
          className="chakra-icon css-1grhd2q"
          focusable={false}
          role="img"
          title="Teens Instagram"
          viewBox="0 0 24 24"
        >
          <g
            stroke="currentColor"
            strokeWidth="1.5"
          >
            <path
              d="M9,9a3,3,0,1,1,4,2.829,1.5,1.5,0,0,0-1,1.415V14.25"
              fill="none"
              strokeLinecap="round"
            />
            <path
              d="M12,17.25a.375.375,0,1,0,.375.375A.375.375,0,0,0,12,17.25h0"
              fill="currentColor"
              strokeLinecap="round"
            />
            <circle
              cx="12"
              cy="12"
              fill="none"
              r="11.25"
              strokeMiterlimit="10"
            />
          </g>
        </svg>
      </div>
      <span
        className="css-0"
      >
        Teens Instagram
      </span>
    </a>
  </li>
</ul>
`;

exports[`SocialMediaLinks Snapshot Renders the UI snapshot correctly when the layout is in a row. 11`] = `
<ul
  className="css-fg54o4"
  id="socialmedialinks-test"
>
  <li>
    <a
      className="chakra-link css-1xdhyk6"
      href="https://www.nypl.org/blog/all?channel=732"
      rel="nofollow noopener noreferrer"
      target="_blank"
    >
      <div
        className="platLink"
      >
        <svg
          aria-hidden={true}
          className="chakra-icon css-1grhd2q"
          focusable={false}
          role="img"
          title="Teachers Blog"
          viewBox="0 0 24 24"
        >
          <g
            stroke="currentColor"
            strokeWidth="1.5"
          >
            <path
              d="M9,9a3,3,0,1,1,4,2.829,1.5,1.5,0,0,0-1,1.415V14.25"
              fill="none"
              strokeLinecap="round"
            />
            <path
              d="M12,17.25a.375.375,0,1,0,.375.375A.375.375,0,0,0,12,17.25h0"
              fill="currentColor"
              strokeLinecap="round"
            />
            <circle
              cx="12"
              cy="12"
              fill="none"
              r="11.25"
              strokeMiterlimit="10"
            />
          </g>
        </svg>
        <span>
          Teachers Blog
        </span>
      </div>
    </a>
  </li>
  <li>
    <a
      className="chakra-link css-1xdhyk6"
      href="https://www.instagram.com/nyplteens/?hl=en"
      rel="nofollow noopener noreferrer"
      target="_blank"
    >
      <div
        className="platLink"
      >
        <svg
          aria-hidden={true}
          className="chakra-icon css-1grhd2q"
          focusable={false}
          role="img"
          title="Teens Instagram"
          viewBox="0 0 24 24"
        >
          <g
            stroke="currentColor"
            strokeWidth="1.5"
          >
            <path
              d="M9,9a3,3,0,1,1,4,2.829,1.5,1.5,0,0,0-1,1.415V14.25"
              fill="none"
              strokeLinecap="round"
            />
            <path
              d="M12,17.25a.375.375,0,1,0,.375.375A.375.375,0,0,0,12,17.25h0"
              fill="currentColor"
              strokeLinecap="round"
            />
            <circle
              cx="12"
              cy="12"
              fill="none"
              r="11.25"
              strokeMiterlimit="10"
            />
          </g>
        </svg>
        <span>
          Teens Instagram
        </span>
      </div>
    </a>
  </li>
</ul>
`;

exports[`SocialMediaLinks Snapshot Renders the UI snapshot correctly when the layout is in a row. 12`] = `
<ul
  className="css-1u8qly9"
  id="socialmedialinks-test"
>
  <li>
    <a
      className="chakra-link css-1xdhyk6"
      href="https://www.nypl.org/blog/all?channel=732"
      rel="nofollow noopener noreferrer"
      target="_blank"
    >
      <div
        className="platLink"
      >
        <svg
          aria-hidden={true}
          className="chakra-icon css-1grhd2q"
          focusable={false}
          role="img"
          title="Teachers Blog"
          viewBox="0 0 24 24"
        >
          <g
            stroke="currentColor"
            strokeWidth="1.5"
          >
            <path
              d="M9,9a3,3,0,1,1,4,2.829,1.5,1.5,0,0,0-1,1.415V14.25"
              fill="none"
              strokeLinecap="round"
            />
            <path
              d="M12,17.25a.375.375,0,1,0,.375.375A.375.375,0,0,0,12,17.25h0"
              fill="currentColor"
              strokeLinecap="round"
            />
            <circle
              cx="12"
              cy="12"
              fill="none"
              r="11.25"
              strokeMiterlimit="10"
            />
          </g>
        </svg>
        <span>
          Teachers Blog
        </span>
      </div>
    </a>
  </li>
  <li>
    <a
      className="chakra-link css-1xdhyk6"
      href="https://www.instagram.com/nyplteens/?hl=en"
      rel="nofollow noopener noreferrer"
      target="_blank"
    >
      <div
        className="platLink"
      >
        <svg
          aria-hidden={true}
          className="chakra-icon css-1grhd2q"
          focusable={false}
          role="img"
          title="Teens Instagram"
          viewBox="0 0 24 24"
        >
          <g
            stroke="currentColor"
            strokeWidth="1.5"
          >
            <path
              d="M9,9a3,3,0,1,1,4,2.829,1.5,1.5,0,0,0-1,1.415V14.25"
              fill="none"
              strokeLinecap="round"
            />
            <path
              d="M12,17.25a.375.375,0,1,0,.375.375A.375.375,0,0,0,12,17.25h0"
              fill="currentColor"
              strokeLinecap="round"
            />
            <circle
              cx="12"
              cy="12"
              fill="none"
              r="11.25"
              strokeMiterlimit="10"
            />
          </g>
        </svg>
        <span>
          Teens Instagram
        </span>
      </div>
    </a>
  </li>
</ul>
`;

exports[`SocialMediaLinks Snapshot Renders the UI snapshot correctly when the layout is in a row. 13`] = `
<ul
  className="css-1u8qly9"
  id="socialmedialinks-test"
>
  <li>
    <a
      className="chakra-link css-1xdhyk6"
      href="https://www.nypl.org/blog/all?channel=732"
      rel="nofollow noopener noreferrer"
      target="_blank"
    >
      <div
        className="platLink"
      >
        <svg
          aria-hidden={true}
          className="chakra-icon css-1grhd2q"
          focusable={false}
          role="img"
          title="Teachers Blog"
          viewBox="0 0 24 24"
        >
          <g
            stroke="currentColor"
            strokeWidth="1.5"
          >
            <path
              d="M9,9a3,3,0,1,1,4,2.829,1.5,1.5,0,0,0-1,1.415V14.25"
              fill="none"
              strokeLinecap="round"
            />
            <path
              d="M12,17.25a.375.375,0,1,0,.375.375A.375.375,0,0,0,12,17.25h0"
              fill="currentColor"
              strokeLinecap="round"
            />
            <circle
              cx="12"
              cy="12"
              fill="none"
              r="11.25"
              strokeMiterlimit="10"
            />
          </g>
        </svg>
      </div>
      <span
        className="css-0"
      >
        Teachers Blog
      </span>
    </a>
  </li>
  <li>
    <a
      className="chakra-link css-1xdhyk6"
      href="https://www.instagram.com/nyplteens/?hl=en"
      rel="nofollow noopener noreferrer"
      target="_blank"
    >
      <div
        className="platLink"
      >
        <svg
          aria-hidden={true}
          className="chakra-icon css-1grhd2q"
          focusable={false}
          role="img"
          title="Teens Instagram"
          viewBox="0 0 24 24"
        >
          <g
            stroke="currentColor"
            strokeWidth="1.5"
          >
            <path
              d="M9,9a3,3,0,1,1,4,2.829,1.5,1.5,0,0,0-1,1.415V14.25"
              fill="none"
              strokeLinecap="round"
            />
            <path
              d="M12,17.25a.375.375,0,1,0,.375.375A.375.375,0,0,0,12,17.25h0"
              fill="currentColor"
              strokeLinecap="round"
            />
            <circle
              cx="12"
              cy="12"
              fill="none"
              r="11.25"
              strokeMiterlimit="10"
            />
          </g>
        </svg>
      </div>
      <span
        className="css-0"
      >
        Teens Instagram
      </span>
    </a>
  </li>
</ul>
`;

exports[`SocialMediaLinks Snapshot Renders the UI snapshot correctly when the layout is in a row. 14`] = `
<ul
  className="css-1u8qly9"
  id="socialmedialinks-test"
>
  <li>
    <a
      className="chakra-link css-1xdhyk6"
      href="https://www.nypl.org/blog/all?channel=732"
      rel="nofollow noopener noreferrer"
      target="_blank"
    >
      <div
        className="platLink"
      >
        <svg
          aria-hidden={true}
          className="chakra-icon css-1grhd2q"
          focusable={false}
          role="img"
          title="Teachers Blog"
          viewBox="0 0 24 24"
        >
          <g
            stroke="currentColor"
            strokeWidth="1.5"
          >
            <path
              d="M9,9a3,3,0,1,1,4,2.829,1.5,1.5,0,0,0-1,1.415V14.25"
              fill="none"
              strokeLinecap="round"
            />
            <path
              d="M12,17.25a.375.375,0,1,0,.375.375A.375.375,0,0,0,12,17.25h0"
              fill="currentColor"
              strokeLinecap="round"
            />
            <circle
              cx="12"
              cy="12"
              fill="none"
              r="11.25"
              strokeMiterlimit="10"
            />
          </g>
        </svg>
        <span>
          Teachers Blog
        </span>
      </div>
    </a>
  </li>
  <li>
    <a
      className="chakra-link css-1xdhyk6"
      href="https://www.instagram.com/nyplteens/?hl=en"
      rel="nofollow noopener noreferrer"
      target="_blank"
    >
      <div
        className="platLink"
      >
        <svg
          aria-hidden={true}
          className="chakra-icon css-1grhd2q"
          focusable={false}
          role="img"
          title="Teens Instagram"
          viewBox="0 0 24 24"
        >
          <g
            stroke="currentColor"
            strokeWidth="1.5"
          >
            <path
              d="M9,9a3,3,0,1,1,4,2.829,1.5,1.5,0,0,0-1,1.415V14.25"
              fill="none"
              strokeLinecap="round"
            />
            <path
              d="M12,17.25a.375.375,0,1,0,.375.375A.375.375,0,0,0,12,17.25h0"
              fill="currentColor"
              strokeLinecap="round"
            />
            <circle
              cx="12"
              cy="12"
              fill="none"
              r="11.25"
              strokeMiterlimit="10"
            />
          </g>
        </svg>
        <span>
          Teens Instagram
        </span>
      </div>
    </a>
  </li>
</ul>
`;

exports[`SocialMediaLinks Snapshot Renders the UI snapshot correctly when the layout is in a row. 15`] = `
<ul
  className="css-1u8qly9"
  id="socialmedialinks-test"
>
  <li>
    <a
      className="chakra-link css-1xdhyk6"
      href="https://www.nypl.org/blog/all?channel=732"
      rel="nofollow noopener noreferrer"
      target="_blank"
    >
      <div
        className="platLink"
      >
        <svg
          aria-hidden={true}
          className="chakra-icon css-1grhd2q"
          focusable={false}
          role="img"
          title="Teachers Blog"
          viewBox="0 0 24 24"
        >
          <g
            stroke="currentColor"
            strokeWidth="1.5"
          >
            <path
              d="M9,9a3,3,0,1,1,4,2.829,1.5,1.5,0,0,0-1,1.415V14.25"
              fill="none"
              strokeLinecap="round"
            />
            <path
              d="M12,17.25a.375.375,0,1,0,.375.375A.375.375,0,0,0,12,17.25h0"
              fill="currentColor"
              strokeLinecap="round"
            />
            <circle
              cx="12"
              cy="12"
              fill="none"
              r="11.25"
              strokeMiterlimit="10"
            />
          </g>
        </svg>
      </div>
      <span
        className="css-0"
      >
        Teachers Blog
      </span>
    </a>
  </li>
  <li>
    <a
      className="chakra-link css-1xdhyk6"
      href="https://www.instagram.com/nyplteens/?hl=en"
      rel="nofollow noopener noreferrer"
      target="_blank"
    >
      <div
        className="platLink"
      >
        <svg
          aria-hidden={true}
          className="chakra-icon css-1grhd2q"
          focusable={false}
          role="img"
          title="Teens Instagram"
          viewBox="0 0 24 24"
        >
          <g
            stroke="currentColor"
            strokeWidth="1.5"
          >
            <path
              d="M9,9a3,3,0,1,1,4,2.829,1.5,1.5,0,0,0-1,1.415V14.25"
              fill="none"
              strokeLinecap="round"
            />
            <path
              d="M12,17.25a.375.375,0,1,0,.375.375A.375.375,0,0,0,12,17.25h0"
              fill="currentColor"
              strokeLinecap="round"
            />
            <circle
              cx="12"
              cy="12"
              fill="none"
              r="11.25"
              strokeMiterlimit="10"
            />
          </g>
        </svg>
      </div>
      <span
        className="css-0"
      >
        Teens Instagram
      </span>
    </a>
  </li>
</ul>
`;
