// Jest Snapshot v1, https://goo.gl/fbAQLP

exports[`HeaderMobileNav renders the UI snapshot correctly 1`] = `
<div
  className="css-0"
>
  <div
    className="css-k008qs"
  >
    <div
      className="css-0"
    >
      <svg
        aria-hidden={false}
        aria-label="NYPL Header Logo"
        className="chakra-icon css-1grhd2q"
        focusable={false}
        role="img"
        title="NYPL Header Logo"
        viewBox="0 0 24 24"
      >
        <g
          stroke="currentColor"
          strokeWidth="1.5"
        >
          <path
            d="M9,9a3,3,0,1,1,4,2.829,1.5,1.5,0,0,0-1,1.415V14.25"
            fill="none"
            strokeLinecap="round"
          />
          <path
            d="M12,17.25a.375.375,0,1,0,.375.375A.375.375,0,0,0,12,17.25h0"
            fill="currentColor"
            strokeLinecap="round"
          />
          <circle
            cx="12"
            cy="12"
            fill="none"
            r="11.25"
            strokeMiterlimit="10"
          />
        </g>
      </svg>
    </div>
    <div
      className="css-17xejub"
    />
    <nav
      aria-label="Header mobile links"
    >
      <ul
        className="css-1xdhyk6"
        id="header-mobile-nav"
      >
        <li>
          <a
            className="css-1xdhyk6"
            href="https://www.nypl.org/books-music-movies"
            onClick={[Function]}
            rel={null}
            target={null}
          >
            Books/Music/Movies
          </a>
        </li>
        <li>
          <a
            className="css-1xdhyk6"
            href="https://www.nypl.org/research"
            onClick={[Function]}
            rel={null}
            target={null}
          >
            Research
          </a>
        </li>
        <li>
          <a
            className="css-1xdhyk6"
            href="https://www.nypl.org/education"
            onClick={[Function]}
            rel={null}
            target={null}
          >
            Education
          </a>
        </li>
        <li>
          <a
            className="css-1xdhyk6"
            href="https://www.nypl.org/events"
            onClick={[Function]}
            rel={null}
            target={null}
          >
            Events
          </a>
        </li>
        <li>
          <a
            className="css-1xdhyk6"
            href="https://www.nypl.org/connect"
            onClick={[Function]}
            rel={null}
            target={null}
          >
            Connect
          </a>
        </li>
        <li>
          <a
            className="css-1xdhyk6"
            href="https://www.nypl.org/give"
            onClick={[Function]}
            rel={null}
            target={null}
          >
            Give
          </a>
        </li>
        <li>
          <a
            className="css-1xdhyk6"
            href="https://www.nypl.org/get-help"
            onClick={[Function]}
            rel={null}
            target={null}
          >
            Get Help
          </a>
        </li>
      </ul>
    </nav>
  </div>
  <div
    className="css-wcncoc"
    data-testid="bottomLinks"
  >
    <a
      className="css-g8syzw"
      href="https://www.nypl.org/library-card/new"
      onClick={[Function]}
      rel={null}
      target={null}
    >
      <svg
        aria-hidden={true}
        className="chakra-icon css-1g9tbrc"
        focusable={false}
        role="img"
        title="decorativeLibraryCard icon"
        viewBox="0 0 24 24"
      >
        <g
          stroke="currentColor"
          strokeWidth="1.5"
        >
          <path
            d="M9,9a3,3,0,1,1,4,2.829,1.5,1.5,0,0,0-1,1.415V14.25"
            fill="none"
            strokeLinecap="round"
          />
          <path
            d="M12,17.25a.375.375,0,1,0,.375.375A.375.375,0,0,0,12,17.25h0"
            fill="currentColor"
            strokeLinecap="round"
          />
          <circle
            cx="12"
            cy="12"
            fill="none"
            r="11.25"
            strokeMiterlimit="10"
          />
        </g>
      </svg>
      Get A Library Card
    </a>
    <a
      className="css-1i5qkun"
      href="https://pages.email.nypl.org/page.aspx?QS=3935619f7de112ef7250fe02b84fb2f9ab74e4ea015814b7"
      onClick={[Function]}
      rel={null}
      target={null}
    >
      <svg
        aria-hidden={true}
        className="chakra-icon css-1g9tbrc"
        focusable={false}
        role="img"
        title="decorativeEnvelope icon"
        viewBox="0 0 24 24"
      >
        <g
          stroke="currentColor"
          strokeWidth="1.5"
        >
          <path
            d="M9,9a3,3,0,1,1,4,2.829,1.5,1.5,0,0,0-1,1.415V14.25"
            fill="none"
            strokeLinecap="round"
          />
          <path
            d="M12,17.25a.375.375,0,1,0,.375.375A.375.375,0,0,0,12,17.25h0"
            fill="currentColor"
            strokeLinecap="round"
          />
          <circle
            cx="12"
            cy="12"
            fill="none"
            r="11.25"
            strokeMiterlimit="10"
          />
        </g>
      </svg>
      Get Email Updates
    </a>
    <a
      className="css-1hbu0qa"
      href="https://shop.nypl.org/?utm_campaign=NYPLHeaderButton&utm_source=nypl.org&utm_medium=referral"
      onClick={[Function]}
      rel={null}
      target={null}
    >
      <svg
        aria-hidden={true}
        className="chakra-icon css-1g9tbrc"
        focusable={false}
        role="img"
        title="decorativeShoppingBag icon"
        viewBox="0 0 24 24"
      >
        <g
          stroke="currentColor"
          strokeWidth="1.5"
        >
          <path
            d="M9,9a3,3,0,1,1,4,2.829,1.5,1.5,0,0,0-1,1.415V14.25"
            fill="none"
            strokeLinecap="round"
          />
          <path
            d="M12,17.25a.375.375,0,1,0,.375.375A.375.375,0,0,0,12,17.25h0"
            fill="currentColor"
            strokeLinecap="round"
          />
          <circle
            cx="12"
            cy="12"
            fill="none"
            r="11.25"
            strokeMiterlimit="10"
          />
        </g>
      </svg>
      Shop
       NYPL
    </a>
    <a
      className="css-847rpw"
      href="https://secure.nypl.org/site/Donation2?7825.donation=form1&df_id=7825&mfc_pref=T&s_src=FRQ18ZZ_TNN"
      onClick={[Function]}
      rel={null}
      target={null}
    >
      DONATE
    </a>
  </div>
</div>
`;
