// Jest Snapshot v1, https://goo.gl/fbAQLP

exports[`SearchForm renders the UI snapshot correctly 1`] = `
<div
  className="css-0"
>
  <form
    aria-label="form"
    className="css-1xfaj5"
    id="search-header"
    onSubmit={[Function]}
  >
    <div
      className="css-uo6vru"
      id="search-header-parent"
    >
      <div
        className="css-10aw3py"
        id="search-header-child0"
      >
        <div
          className="css-18yyq8w"
          id="search-header-child0-grandchild0"
        >
          <fieldset
            className="css-1xdhyk6"
            id="someid"
          >
            <legend>
              Enter a keyword, then choose to search either the catalog or the website
            </legend>
            <div
              className="css-1xdhyk6"
            >
              <label
                className="css-1xdhyk6"
                htmlFor="searchInput"
                id="searchInput-label"
              >
                Enter Search Keyword
              </label>
              <input
                aria-required={true}
                className="chakra-input css-0"
                disabled={false}
                id="searchInput"
                onBlur={[Function]}
                onChange={[Function]}
                onFocus={[Function]}
                placeholder="What would you like to find?"
                required={true}
                step={null}
                type="text"
                value=""
              />
            </div>
          </fieldset>
        </div>
        <div
          className="css-1pymqp3"
          id="search-header-child0-grandchild1"
        >
          <div
            className="chakra-stack css-ytb711"
          >
            <button
              aria-label="Search"
              className="chakra-button css-1xdhyk6"
              data-testid="button"
              id="search-btn"
              onClick={[Function]}
              type="button"
            >
              <svg
                aria-hidden={true}
                className="chakra-icon css-1grhd2q"
                focusable={false}
                role="img"
                title="search icon"
                viewBox="0 0 24 24"
              >
                <g
                  stroke="currentColor"
                  strokeWidth="1.5"
                >
                  <path
                    d="M9,9a3,3,0,1,1,4,2.829,1.5,1.5,0,0,0-1,1.415V14.25"
                    fill="none"
                    strokeLinecap="round"
                  />
                  <path
                    d="M12,17.25a.375.375,0,1,0,.375.375A.375.375,0,0,0,12,17.25h0"
                    fill="currentColor"
                    strokeLinecap="round"
                  />
                  <circle
                    cx="12"
                    cy="12"
                    fill="none"
                    r="11.25"
                    strokeMiterlimit="10"
                  />
                </g>
              </svg>
            </button>
          </div>
        </div>
      </div>
      <div
        className="css-1jiq10l"
        id="search-header-child1"
      >
        <div
          className="css-7ajbp2"
          id="search-header-child1-grandchild0"
        >
          <fieldset
            className="css-1u8qly9"
            id="radio-group-search-type"
          >
            <legend>
              Type of search
            </legend>
            <div
              aria-label="Type of search"
              className="chakra-radio-group css-0"
              role="radiogroup"
            >
              <div
                className="chakra-stack css-1objuxj"
              >
                <label
                  className="chakra-radio css-13p0l12"
                  data-checked=""
                >
                  <input
                    checked={true}
                    className="chakra-radio__input"
                    disabled={false}
                    id="catalogSearch"
                    name="catalogWebsiteSearch"
                    onBlur={[Function]}
                    onChange={[Function]}
                    onFocus={[Function]}
                    onKeyDown={[Function]}
                    onKeyUp={[Function]}
                    required={false}
                    style={
                      Object {
                        "border": "0px",
                        "clip": "rect(0px, 0px, 0px, 0px)",
                        "height": "1px",
                        "margin": "-1px",
                        "overflow": "hidden",
                        "padding": "0px",
                        "position": "absolute",
                        "whiteSpace": "nowrap",
                        "width": "1px",
                      }
                    }
                    type="radio"
                    value="catalog"
                  />
                  <span
                    aria-hidden={true}
                    className="css-14wybg9"
                    data-checked=""
                    onMouseDown={[Function]}
                    onMouseEnter={[Function]}
                    onMouseLeave={[Function]}
                    onMouseUp={[Function]}
                  />
                  <span
                    className="chakra-radio__label css-1y8kf23"
                    data-checked=""
                    onMouseDown={[Function]}
                    onTouchStart={[Function]}
                  >
                    Search the Catalog
                  </span>
                </label>
                <label
                  className="chakra-radio css-13p0l12"
                >
                  <input
                    checked={false}
                    className="chakra-radio__input"
                    disabled={false}
                    id="websiteSearch"
                    name="catalogWebsiteSearch"
                    onBlur={[Function]}
                    onChange={[Function]}
                    onFocus={[Function]}
                    onKeyDown={[Function]}
                    onKeyUp={[Function]}
                    required={false}
                    style={
                      Object {
                        "border": "0px",
                        "clip": "rect(0px, 0px, 0px, 0px)",
                        "height": "1px",
                        "margin": "-1px",
                        "overflow": "hidden",
                        "padding": "0px",
                        "position": "absolute",
                        "whiteSpace": "nowrap",
                        "width": "1px",
                      }
                    }
                    type="radio"
                    value="website"
                  />
                  <span
                    aria-hidden={true}
                    className="css-14wybg9"
                    onMouseDown={[Function]}
                    onMouseEnter={[Function]}
                    onMouseLeave={[Function]}
                    onMouseUp={[Function]}
                  />
                  <span
                    className="chakra-radio__label css-1y8kf23"
                    onMouseDown={[Function]}
                    onTouchStart={[Function]}
                  >
                    Search NYPL.org
                  </span>
                </label>
              </div>
            </div>
          </fieldset>
        </div>
      </div>
    </div>
  </form>
</div>
`;

exports[`SearchForm renders the UI snapshot correctly 2`] = `
<div
  className="css-0"
>
  <form
    aria-label="form"
    className="css-1xfaj5"
    id="search-header"
    onSubmit={[Function]}
  >
    <div
      className="css-uo6vru"
      id="search-header-parent"
    >
      <div
        className="css-10aw3py"
        id="search-header-child0"
      >
        <div
          className="css-18yyq8w"
          id="search-header-child0-grandchild0"
        >
          <fieldset
            className="css-1xdhyk6"
            id="someid"
          >
            <legend>
              Enter a keyword, then choose to search either the catalog or the website
            </legend>
            <div
              className="css-1xdhyk6"
            >
              <input
                aria-label="Enter Search Keyword"
                aria-required={true}
                className="chakra-input css-0"
                disabled={false}
                id="searchInput"
                onBlur={[Function]}
                onChange={[Function]}
                onFocus={[Function]}
                placeholder="What would you like to find?"
                required={true}
                step={null}
                type="text"
                value=""
              />
            </div>
          </fieldset>
        </div>
      </div>
      <div
        className="css-1jiq10l"
        id="search-header-child1"
      >
        <div
          className="css-7ajbp2"
          id="search-header-child1-grandchild0"
        >
          <div
            className="chakra-stack css-nf0nk5"
          >
            <button
              className="chakra-button css-1xdhyk6"
              data-testid="button"
              id="mobile-catalog"
              onClick={[Function]}
              type="button"
            >
              CATALOG
              <svg
                aria-hidden={true}
                className="chakra-icon css-1grhd2q"
                focusable={false}
                role="img"
                title="arrow icon"
                viewBox="0 0 24 24"
              >
                <g
                  stroke="currentColor"
                  strokeWidth="1.5"
                >
                  <path
                    d="M9,9a3,3,0,1,1,4,2.829,1.5,1.5,0,0,0-1,1.415V14.25"
                    fill="none"
                    strokeLinecap="round"
                  />
                  <path
                    d="M12,17.25a.375.375,0,1,0,.375.375A.375.375,0,0,0,12,17.25h0"
                    fill="currentColor"
                    strokeLinecap="round"
                  />
                  <circle
                    cx="12"
                    cy="12"
                    fill="none"
                    r="11.25"
                    strokeMiterlimit="10"
                  />
                </g>
              </svg>
            </button>
            <button
              className="chakra-button css-1xdhyk6"
              data-testid="button"
              id="mobile-website"
              onClick={[Function]}
              type="button"
            >
              NYPL.ORG
              <svg
                aria-hidden={true}
                className="chakra-icon css-1grhd2q"
                focusable={false}
                role="img"
                title="arrow icon"
                viewBox="0 0 24 24"
              >
                <g
                  stroke="currentColor"
                  strokeWidth="1.5"
                >
                  <path
                    d="M9,9a3,3,0,1,1,4,2.829,1.5,1.5,0,0,0-1,1.415V14.25"
                    fill="none"
                    strokeLinecap="round"
                  />
                  <path
                    d="M12,17.25a.375.375,0,1,0,.375.375A.375.375,0,0,0,12,17.25h0"
                    fill="currentColor"
                    strokeLinecap="round"
                  />
                  <circle
                    cx="12"
                    cy="12"
                    fill="none"
                    r="11.25"
                    strokeMiterlimit="10"
                  />
                </g>
              </svg>
            </button>
          </div>
        </div>
      </div>
    </div>
  </form>
</div>
`;
