// Jest Snapshot v1, https://goo.gl/fbAQLP

exports[`SitewideAlerts Successful API request renders the UI snapshot correctly 1`] = `null`;
