// Jest Snapshot v1, https://goo.gl/fbAQLP

exports[`HorizontalRule renders the UI snapshot correctly 1`] = `
<hr
  className="css-ili6fu"
/>
`;

exports[`HorizontalRule renders the UI snapshot correctly 2`] = `
<hr
  className="css-1pwp4fu"
/>
`;

exports[`HorizontalRule renders the UI snapshot correctly 3`] = `
<hr
  className="css-gj8znx"
/>
`;

exports[`HorizontalRule renders the UI snapshot correctly 4`] = `
<hr
  className="css-ili6fu"
/>
`;

exports[`HorizontalRule renders the UI snapshot correctly 5`] = `
<hr
  className="css-ili6fu"
/>
`;
