// Jest Snapshot v1, https://goo.gl/fbAQLP

exports[`StructuredContent renders the UI snapshot 1`] = `
<div
  className="css-1xdhyk6"
  id="withHTMLStringContent"
>
  <h2
    className="chakra-heading css-1xdhyk6"
    id="withHTMLStringContent-heading"
  >
    Heading text
  </h2>
  <h3
    className="chakra-heading css-1xdhyk6"
    id="withHTMLStringContent-callout"
  >
    This is the callout text
  </h3>
  <div
    className="css-0"
  >
    <figure
      className="css-0"
    >
      <img
        alt="Image alt text"
        className="css-0"
        src="https://placeimg.com/400/300/animals"
      />
      <figcaption
        className="css-0"
      >
        <div
          className="css-0"
        >
          Image caption
        </div>
        <div
          className="css-0"
        >
          Image credit
        </div>
      </figcaption>
    </figure>
  </div>
  <div
    className="structuredcontent-body"
    dangerouslySetInnerHTML={
      {
        "__html": "<p>Lorem ipsum dolor sit amet, consectetur adipiscing elit, sed doeiusmod tempor incididunt ut labore et dolore magna aliqua.Pellentesque massa placerat duis ultricies lacus sed turpis tincidunt. <a href='#'>Porttitor eget dolor</a> morbi non arcu risus quis varius.Faucibus in ornare quam viverra orci sagittis.</p><p>Nisl vel pretium lectusquam id leo in. Etiam dignissim diam quis enim lobortis scelerisque fermentum.Diam maecenas sed enim ut sem viverra. <b>Diam quam nulla porttitor massaid neque. Sed faucibus turpis in eu mi.</b></p><p>Ornare lectus sit amet est placeratin. Quis blandit turpis cursus in. Aliquam ut porttitor leo a diam sollicitudintempor id eu. Pellentesque eu tincidunt tortor aliquam nulla facilisi crasfermentum. Porttitor leo a diam sollicitudin tempor id eu nisl nunc. Feugiatnisl pretium fusce id velit ut tortor. Porttitor leo a diam sollicitudin tempor id eu nisl nunc.</p><ul><li>one</li><li>two</li><li>three</li><li>four</li></ul><p><i>Mauris nunc congue nisi vitae suscipittellus mauris a diam. Purus gravida quis blandit turpis cursus in hac.Morbi tempus iaculis urna id volutpat. Lectus nulla at volutpat diam utvenenatis. Donec ac odio tempor orci dapibus ultrices in iaculis. Dui vivamusarcu felis bibendum ut tristique. Cras semper auctor neque vitae tempusquam pellentesque. Placerat orci nulla pellentesque dignissim enim sitamet. Feugiat pretium nibh ipsum consequat. Placerat orci nulla pellentesquedignissim. Suspendisse faucibus interdum posuere lorem. Nullam non nisiest sit. Turpis egestas integer eget aliquet nibh praesent. Tortor at risusviverra adipiscing at. Eu augue ut lectus arcu bibendum at varius velpharetra.</i></p>",
      }
    }
  />
</div>
`;

exports[`StructuredContent renders the UI snapshot 2`] = `
<div
  className="css-1xdhyk6"
  id="withHTMLDOMContent"
>
  <h2
    className="chakra-heading css-1xdhyk6"
    id="withHTMLDOMContent-heading"
  >
    Heading text
  </h2>
  <h3
    className="chakra-heading css-1xdhyk6"
    id="withHTMLDOMContent-callout"
  >
    This is the callout text
  </h3>
  <div
    className="css-0"
  >
    <figure
      className="css-0"
    >
      <img
        alt="Image alt text"
        className="css-0"
        src="https://placeimg.com/400/300/animals"
      />
      <figcaption
        className="css-0"
      >
        <div
          className="css-0"
        >
          Image caption
        </div>
        <div
          className="css-0"
        >
          Image credit
        </div>
      </figcaption>
    </figure>
  </div>
  <div
    className="structuredcontent-body css-0"
  >
    <p>
      Lorem ipsum dolor sit amet, consectetur adipiscing elit, sed do eiusmod tempor incididunt ut labore et dolore magna aliqua. Pellentesque massa placerat duis ultricies lacus sed turpis tincidunt.
      <a
        href="http://nypl.org"
      >
        Porttitor eget dolor
      </a>
       morbi non arcu risus quis varius. Faucibus in ornare quam viverra orci sagittis.
    </p>
    <p>
      Nisl vel pretium lectus quam id leo in. Etiam dignissim diam quis enim lobortis scelerisque fermentum. Diam maecenas sed enim ut sem viverra.
       
      <b>
        Diam quam nulla porttitor massa id neque. Sed faucibus turpis in eu mi.
      </b>
    </p>
    <p>
      Ornare lectus sit amet est placerat in. Quis blandit turpis cursus in. Aliquam ut porttitor leo a diam sollicitudin tempor id eu. Pellentesque eu tincidunt tortor aliquam nulla facilisi cras fermentum. Porttitor leo a diam sollicitudin tempor id eu nisl nunc. Feugiat nisl pretium fusce id velit ut tortor. Porttitor leo a diam sollicitudin tempor id eu nisl nunc.
    </p>
    <ul>
      <li>
        one
      </li>
      <li>
        two
      </li>
      <li>
        three
      </li>
      <li>
        four
      </li>
    </ul>
    <p>
      <i>
        Mauris nunc congue nisi vitae suscipit tellus mauris a diam. Purus gravida quis blandit turpis cursus in hac. Morbi tempus iaculis urna id volutpat. Lectus nulla at volutpat diam ut venenatis. Donec ac odio tempor orci dapibus ultrices in iaculis. Dui vivamus arcu felis bibendum ut tristique. Cras semper auctor neque vitae tempus quam pellentesque. Placerat orci nulla pellentesque dignissim enim sit amet. Feugiat pretium nibh ipsum consequat. Placerat orci nulla pellentesque dignissim. Suspendisse faucibus interdum posuere lorem. Nullam non nisi est sit. Turpis egestas integer eget aliquet nibh praesent. Tortor at risus 'viverra adipiscing at. Eu augue ut lectus arcu bibendum at varius vel' pharetra.
      </i>
    </p>
  </div>
</div>
`;

exports[`StructuredContent renders the UI snapshot 3`] = `
<div
  className="css-1xdhyk6"
  id="withoutAnImage"
>
  <h2
    className="chakra-heading css-1xdhyk6"
    id="withoutAnImage-heading"
  >
    Heading text
  </h2>
  <h3
    className="chakra-heading css-1xdhyk6"
    id="withoutAnImage-callout"
  >
    This is the callout text
  </h3>
  <div
    className="structuredcontent-body"
    dangerouslySetInnerHTML={
      {
        "__html": "<p>Lorem ipsum dolor sit amet, consectetur adipiscing elit, sed doeiusmod tempor incididunt ut labore et dolore magna aliqua.Pellentesque massa placerat duis ultricies lacus sed turpis tincidunt. <a href='#'>Porttitor eget dolor</a> morbi non arcu risus quis varius.Faucibus in ornare quam viverra orci sagittis.</p><p>Nisl vel pretium lectusquam id leo in. Etiam dignissim diam quis enim lobortis scelerisque fermentum.Diam maecenas sed enim ut sem viverra. <b>Diam quam nulla porttitor massaid neque. Sed faucibus turpis in eu mi.</b></p><p>Ornare lectus sit amet est placeratin. Quis blandit turpis cursus in. Aliquam ut porttitor leo a diam sollicitudintempor id eu. Pellentesque eu tincidunt tortor aliquam nulla facilisi crasfermentum. Porttitor leo a diam sollicitudin tempor id eu nisl nunc. Feugiatnisl pretium fusce id velit ut tortor. Porttitor leo a diam sollicitudin tempor id eu nisl nunc.</p><ul><li>one</li><li>two</li><li>three</li><li>four</li></ul><p><i>Mauris nunc congue nisi vitae suscipittellus mauris a diam. Purus gravida quis blandit turpis cursus in hac.Morbi tempus iaculis urna id volutpat. Lectus nulla at volutpat diam utvenenatis. Donec ac odio tempor orci dapibus ultrices in iaculis. Dui vivamusarcu felis bibendum ut tristique. Cras semper auctor neque vitae tempusquam pellentesque. Placerat orci nulla pellentesque dignissim enim sitamet. Feugiat pretium nibh ipsum consequat. Placerat orci nulla pellentesquedignissim. Suspendisse faucibus interdum posuere lorem. Nullam non nisiest sit. Turpis egestas integer eget aliquet nibh praesent. Tortor at risusviverra adipiscing at. Eu augue ut lectus arcu bibendum at varius velpharetra.</i></p>",
      }
    }
  />
</div>
`;

exports[`StructuredContent renders the UI snapshot 4`] = `
<div
  className="css-1xdhyk6"
  id="withImageWithoutCaptionOrCredit"
>
  <h2
    className="chakra-heading css-1xdhyk6"
    id="withImageWithoutCaptionOrCredit-heading"
  >
    Heading text
  </h2>
  <h3
    className="chakra-heading css-1xdhyk6"
    id="withImageWithoutCaptionOrCredit-callout"
  >
    This is the callout text
  </h3>
  <div
    className="css-0"
  >
    <img
      alt="Image alt text"
      className="css-0"
      src="https://placeimg.com/400/300/animals"
    />
  </div>
  <div
    className="structuredcontent-body"
    dangerouslySetInnerHTML={
      {
        "__html": "<p>Lorem ipsum dolor sit amet, consectetur adipiscing elit, sed doeiusmod tempor incididunt ut labore et dolore magna aliqua.Pellentesque massa placerat duis ultricies lacus sed turpis tincidunt. <a href='#'>Porttitor eget dolor</a> morbi non arcu risus quis varius.Faucibus in ornare quam viverra orci sagittis.</p><p>Nisl vel pretium lectusquam id leo in. Etiam dignissim diam quis enim lobortis scelerisque fermentum.Diam maecenas sed enim ut sem viverra. <b>Diam quam nulla porttitor massaid neque. Sed faucibus turpis in eu mi.</b></p><p>Ornare lectus sit amet est placeratin. Quis blandit turpis cursus in. Aliquam ut porttitor leo a diam sollicitudintempor id eu. Pellentesque eu tincidunt tortor aliquam nulla facilisi crasfermentum. Porttitor leo a diam sollicitudin tempor id eu nisl nunc. Feugiatnisl pretium fusce id velit ut tortor. Porttitor leo a diam sollicitudin tempor id eu nisl nunc.</p><ul><li>one</li><li>two</li><li>three</li><li>four</li></ul><p><i>Mauris nunc congue nisi vitae suscipittellus mauris a diam. Purus gravida quis blandit turpis cursus in hac.Morbi tempus iaculis urna id volutpat. Lectus nulla at volutpat diam utvenenatis. Donec ac odio tempor orci dapibus ultrices in iaculis. Dui vivamusarcu felis bibendum ut tristique. Cras semper auctor neque vitae tempusquam pellentesque. Placerat orci nulla pellentesque dignissim enim sitamet. Feugiat pretium nibh ipsum consequat. Placerat orci nulla pellentesquedignissim. Suspendisse faucibus interdum posuere lorem. Nullam non nisiest sit. Turpis egestas integer eget aliquet nibh praesent. Tortor at risusviverra adipiscing at. Eu augue ut lectus arcu bibendum at varius velpharetra.</i></p>",
      }
    }
  />
</div>
`;

exports[`StructuredContent renders the UI snapshot 5`] = `
<div
  className="css-1xdhyk6"
  id="withoutHeading"
>
  <h3
    className="chakra-heading css-1xdhyk6"
    id="withoutHeading-callout"
  >
    This is the callout text
  </h3>
  <div
    className="css-0"
  >
    <figure
      className="css-0"
    >
      <img
        alt="Image alt text"
        className="css-0"
        src="https://placeimg.com/400/300/animals"
      />
      <figcaption
        className="css-0"
      >
        <div
          className="css-0"
        >
          Image caption
        </div>
        <div
          className="css-0"
        >
          Image credit
        </div>
      </figcaption>
    </figure>
  </div>
  <div
    className="structuredcontent-body"
    dangerouslySetInnerHTML={
      {
        "__html": "<p>Lorem ipsum dolor sit amet, consectetur adipiscing elit, sed doeiusmod tempor incididunt ut labore et dolore magna aliqua.Pellentesque massa placerat duis ultricies lacus sed turpis tincidunt. <a href='#'>Porttitor eget dolor</a> morbi non arcu risus quis varius.Faucibus in ornare quam viverra orci sagittis.</p><p>Nisl vel pretium lectusquam id leo in. Etiam dignissim diam quis enim lobortis scelerisque fermentum.Diam maecenas sed enim ut sem viverra. <b>Diam quam nulla porttitor massaid neque. Sed faucibus turpis in eu mi.</b></p><p>Ornare lectus sit amet est placeratin. Quis blandit turpis cursus in. Aliquam ut porttitor leo a diam sollicitudintempor id eu. Pellentesque eu tincidunt tortor aliquam nulla facilisi crasfermentum. Porttitor leo a diam sollicitudin tempor id eu nisl nunc. Feugiatnisl pretium fusce id velit ut tortor. Porttitor leo a diam sollicitudin tempor id eu nisl nunc.</p><ul><li>one</li><li>two</li><li>three</li><li>four</li></ul><p><i>Mauris nunc congue nisi vitae suscipittellus mauris a diam. Purus gravida quis blandit turpis cursus in hac.Morbi tempus iaculis urna id volutpat. Lectus nulla at volutpat diam utvenenatis. Donec ac odio tempor orci dapibus ultrices in iaculis. Dui vivamusarcu felis bibendum ut tristique. Cras semper auctor neque vitae tempusquam pellentesque. Placerat orci nulla pellentesque dignissim enim sitamet. Feugiat pretium nibh ipsum consequat. Placerat orci nulla pellentesquedignissim. Suspendisse faucibus interdum posuere lorem. Nullam non nisiest sit. Turpis egestas integer eget aliquet nibh praesent. Tortor at risusviverra adipiscing at. Eu augue ut lectus arcu bibendum at varius velpharetra.</i></p>",
      }
    }
  />
</div>
`;

exports[`StructuredContent renders the UI snapshot 6`] = `
<div
  className="css-1xdhyk6"
  id="withoutCalloutText"
>
  <h2
    className="chakra-heading css-1xdhyk6"
    id="withoutCalloutText-heading"
  >
    Heading text
  </h2>
  <div
    className="structuredcontent-body"
    dangerouslySetInnerHTML={
      {
        "__html": "<p>Lorem ipsum dolor sit amet, consectetur adipiscing elit, sed doeiusmod tempor incididunt ut labore et dolore magna aliqua.Pellentesque massa placerat duis ultricies lacus sed turpis tincidunt. <a href='#'>Porttitor eget dolor</a> morbi non arcu risus quis varius.Faucibus in ornare quam viverra orci sagittis.</p><p>Nisl vel pretium lectusquam id leo in. Etiam dignissim diam quis enim lobortis scelerisque fermentum.Diam maecenas sed enim ut sem viverra. <b>Diam quam nulla porttitor massaid neque. Sed faucibus turpis in eu mi.</b></p><p>Ornare lectus sit amet est placeratin. Quis blandit turpis cursus in. Aliquam ut porttitor leo a diam sollicitudintempor id eu. Pellentesque eu tincidunt tortor aliquam nulla facilisi crasfermentum. Porttitor leo a diam sollicitudin tempor id eu nisl nunc. Feugiatnisl pretium fusce id velit ut tortor. Porttitor leo a diam sollicitudin tempor id eu nisl nunc.</p><ul><li>one</li><li>two</li><li>three</li><li>four</li></ul><p><i>Mauris nunc congue nisi vitae suscipittellus mauris a diam. Purus gravida quis blandit turpis cursus in hac.Morbi tempus iaculis urna id volutpat. Lectus nulla at volutpat diam utvenenatis. Donec ac odio tempor orci dapibus ultrices in iaculis. Dui vivamusarcu felis bibendum ut tristique. Cras semper auctor neque vitae tempusquam pellentesque. Placerat orci nulla pellentesque dignissim enim sitamet. Feugiat pretium nibh ipsum consequat. Placerat orci nulla pellentesquedignissim. Suspendisse faucibus interdum posuere lorem. Nullam non nisiest sit. Turpis egestas integer eget aliquet nibh praesent. Tortor at risusviverra adipiscing at. Eu augue ut lectus arcu bibendum at varius velpharetra.</i></p>",
      }
    }
  />
</div>
`;

exports[`StructuredContent renders the UI snapshot 7`] = `
<div
  className="css-kle7zy"
  id="withChakraProps"
>
  <h2
    className="chakra-heading css-1xdhyk6"
    id="withChakraProps-heading"
  >
    Heading text
  </h2>
  <h3
    className="chakra-heading css-1xdhyk6"
    id="withChakraProps-callout"
  >
    This is the callout text
  </h3>
  <div
    className="css-0"
  >
    <figure
      className="css-0"
    >
      <img
        alt="Image alt text"
        className="css-0"
        src="https://placeimg.com/400/300/animals"
      />
      <figcaption
        className="css-0"
      >
        <div
          className="css-0"
        >
          Image caption
        </div>
        <div
          className="css-0"
        >
          Image credit
        </div>
      </figcaption>
    </figure>
  </div>
  <div
    className="structuredcontent-body"
    dangerouslySetInnerHTML={
      {
        "__html": "<p>Lorem ipsum dolor sit amet, consectetur adipiscing elit, sed doeiusmod tempor incididunt ut labore et dolore magna aliqua.Pellentesque massa placerat duis ultricies lacus sed turpis tincidunt. <a href='#'>Porttitor eget dolor</a> morbi non arcu risus quis varius.Faucibus in ornare quam viverra orci sagittis.</p><p>Nisl vel pretium lectusquam id leo in. Etiam dignissim diam quis enim lobortis scelerisque fermentum.Diam maecenas sed enim ut sem viverra. <b>Diam quam nulla porttitor massaid neque. Sed faucibus turpis in eu mi.</b></p><p>Ornare lectus sit amet est placeratin. Quis blandit turpis cursus in. Aliquam ut porttitor leo a diam sollicitudintempor id eu. Pellentesque eu tincidunt tortor aliquam nulla facilisi crasfermentum. Porttitor leo a diam sollicitudin tempor id eu nisl nunc. Feugiatnisl pretium fusce id velit ut tortor. Porttitor leo a diam sollicitudin tempor id eu nisl nunc.</p><ul><li>one</li><li>two</li><li>three</li><li>four</li></ul><p><i>Mauris nunc congue nisi vitae suscipittellus mauris a diam. Purus gravida quis blandit turpis cursus in hac.Morbi tempus iaculis urna id volutpat. Lectus nulla at volutpat diam utvenenatis. Donec ac odio tempor orci dapibus ultrices in iaculis. Dui vivamusarcu felis bibendum ut tristique. Cras semper auctor neque vitae tempusquam pellentesque. Placerat orci nulla pellentesque dignissim enim sitamet. Feugiat pretium nibh ipsum consequat. Placerat orci nulla pellentesquedignissim. Suspendisse faucibus interdum posuere lorem. Nullam non nisiest sit. Turpis egestas integer eget aliquet nibh praesent. Tortor at risusviverra adipiscing at. Eu augue ut lectus arcu bibendum at varius velpharetra.</i></p>",
      }
    }
  />
</div>
`;

exports[`StructuredContent renders the UI snapshot 8`] = `
<div
  className="css-1xdhyk6"
  data-testid="props"
  id="withOtherProps"
>
  <h2
    className="chakra-heading css-1xdhyk6"
    id="withOtherProps-heading"
  >
    Heading text
  </h2>
  <h3
    className="chakra-heading css-1xdhyk6"
    id="withOtherProps-callout"
  >
    This is the callout text
  </h3>
  <div
    className="css-0"
  >
    <figure
      className="css-0"
    >
      <img
        alt="Image alt text"
        className="css-0"
        src="https://placeimg.com/400/300/animals"
      />
      <figcaption
        className="css-0"
      >
        <div
          className="css-0"
        >
          Image caption
        </div>
        <div
          className="css-0"
        >
          Image credit
        </div>
      </figcaption>
    </figure>
  </div>
  <div
    className="structuredcontent-body"
    dangerouslySetInnerHTML={
      {
        "__html": "<p>Lorem ipsum dolor sit amet, consectetur adipiscing elit, sed doeiusmod tempor incididunt ut labore et dolore magna aliqua.Pellentesque massa placerat duis ultricies lacus sed turpis tincidunt. <a href='#'>Porttitor eget dolor</a> morbi non arcu risus quis varius.Faucibus in ornare quam viverra orci sagittis.</p><p>Nisl vel pretium lectusquam id leo in. Etiam dignissim diam quis enim lobortis scelerisque fermentum.Diam maecenas sed enim ut sem viverra. <b>Diam quam nulla porttitor massaid neque. Sed faucibus turpis in eu mi.</b></p><p>Ornare lectus sit amet est placeratin. Quis blandit turpis cursus in. Aliquam ut porttitor leo a diam sollicitudintempor id eu. Pellentesque eu tincidunt tortor aliquam nulla facilisi crasfermentum. Porttitor leo a diam sollicitudin tempor id eu nisl nunc. Feugiatnisl pretium fusce id velit ut tortor. Porttitor leo a diam sollicitudin tempor id eu nisl nunc.</p><ul><li>one</li><li>two</li><li>three</li><li>four</li></ul><p><i>Mauris nunc congue nisi vitae suscipittellus mauris a diam. Purus gravida quis blandit turpis cursus in hac.Morbi tempus iaculis urna id volutpat. Lectus nulla at volutpat diam utvenenatis. Donec ac odio tempor orci dapibus ultrices in iaculis. Dui vivamusarcu felis bibendum ut tristique. Cras semper auctor neque vitae tempusquam pellentesque. Placerat orci nulla pellentesque dignissim enim sitamet. Feugiat pretium nibh ipsum consequat. Placerat orci nulla pellentesquedignissim. Suspendisse faucibus interdum posuere lorem. Nullam non nisiest sit. Turpis egestas integer eget aliquet nibh praesent. Tortor at risusviverra adipiscing at. Eu augue ut lectus arcu bibendum at varius velpharetra.</i></p>",
      }
    }
  />
</div>
`;
