// Jest Snapshot v1, https://goo.gl/fbAQLP

exports[`Header renders the UI snapshot correctly 1`] = `
<div
  className="css-0"
>
  <nav
    aria-label="Skip Navigation"
    className="css-1xdhyk6"
  >
    <ul
      className="css-1xdhyk6"
    >
      <li>
        <a
          className="css-1xdhyk6"
          href="#mainContent"
          rel={null}
          target={null}
        >
          Skip to Main Content
        </a>
      </li>
      <li>
        <a
          className="css-1xdhyk6"
          href="https://www.nypl.org/accessibility"
          rel={null}
          target={null}
        >
          Click to learn about accessibility at the Library
        </a>
      </li>
    </ul>
  </nav>
  <header>
    <div
      className="chakra-stack css-1oeb4ru"
      id="headerMain"
    >
      <a
        aria-label="The New York Public Library"
        className="css-1xdhyk6"
        href="https://nypl.org"
        rel={null}
        target={null}
      >
        <svg
          aria-hidden={false}
          className="chakra-icon css-1grhd2q"
          focusable={false}
          id="header-nypl-logo"
          role="img"
          title="NYPL Header Logo"
          viewBox="0 0 24 24"
        >
          <g
            stroke="currentColor"
            strokeWidth="1.5"
          >
            <path
              d="M9,9a3,3,0,1,1,4,2.829,1.5,1.5,0,0,0-1,1.415V14.25"
              fill="none"
              strokeLinecap="round"
            />
            <path
              d="M12,17.25a.375.375,0,1,0,.375.375A.375.375,0,0,0,12,17.25h0"
              fill="currentColor"
              strokeLinecap="round"
            />
            <circle
              cx="12"
              cy="12"
              fill="none"
              r="11.25"
              strokeMiterlimit="10"
            />
          </g>
        </svg>
      </a>
      <div
        className="css-17xejub"
      />
      <div
        className="css-k008qs"
      >
        <div
          className="chakra-stack css-1p1m4ay"
        >
          <svg
            aria-hidden={true}
            className="chakra-icon css-1grhd2q"
            focusable={false}
            id="log-in-icon"
            role="img"
            title="Log in to your account"
            viewBox="0 0 24 24"
          >
            <g
              stroke="currentColor"
              strokeWidth="1.5"
            >
              <path
                d="M9,9a3,3,0,1,1,4,2.829,1.5,1.5,0,0,0-1,1.415V14.25"
                fill="none"
                strokeLinecap="round"
              />
              <path
                d="M12,17.25a.375.375,0,1,0,.375.375A.375.375,0,0,0,12,17.25h0"
                fill="currentColor"
                strokeLinecap="round"
              />
              <circle
                cx="12"
                cy="12"
                fill="none"
                r="11.25"
                strokeMiterlimit="10"
              />
            </g>
          </svg>
          <svg
            aria-hidden={true}
            className="chakra-icon css-1grhd2q"
            focusable={false}
            id="locator-icon"
            role="img"
            title="NYPL Locator"
            viewBox="0 0 24 24"
          >
            <g
              stroke="currentColor"
              strokeWidth="1.5"
            >
              <path
                d="M9,9a3,3,0,1,1,4,2.829,1.5,1.5,0,0,0-1,1.415V14.25"
                fill="none"
                strokeLinecap="round"
              />
              <path
                d="M12,17.25a.375.375,0,1,0,.375.375A.375.375,0,0,0,12,17.25h0"
                fill="currentColor"
                strokeLinecap="round"
              />
              <circle
                cx="12"
                cy="12"
                fill="none"
                r="11.25"
                strokeMiterlimit="10"
              />
            </g>
          </svg>
          <svg
            aria-hidden={true}
            className="chakra-icon css-1grhd2q"
            focusable={false}
            id="search-icon"
            role="img"
            title="Search"
            viewBox="0 0 24 24"
          >
            <g
              stroke="currentColor"
              strokeWidth="1.5"
            >
              <path
                d="M9,9a3,3,0,1,1,4,2.829,1.5,1.5,0,0,0-1,1.415V14.25"
                fill="none"
                strokeLinecap="round"
              />
              <path
                d="M12,17.25a.375.375,0,1,0,.375.375A.375.375,0,0,0,12,17.25h0"
                fill="currentColor"
                strokeLinecap="round"
              />
              <circle
                cx="12"
                cy="12"
                fill="none"
                r="11.25"
                strokeMiterlimit="10"
              />
            </g>
          </svg>
          <svg
            aria-hidden={true}
            className="chakra-icon css-1grhd2q"
            focusable={false}
            id="hamburger-icon"
            role="img"
            title="Menu"
            viewBox="0 0 24 24"
          >
            <g
              stroke="currentColor"
              strokeWidth="1.5"
            >
              <path
                d="M9,9a3,3,0,1,1,4,2.829,1.5,1.5,0,0,0-1,1.415V14.25"
                fill="none"
                strokeLinecap="round"
              />
              <path
                d="M12,17.25a.375.375,0,1,0,.375.375A.375.375,0,0,0,12,17.25h0"
                fill="currentColor"
                strokeLinecap="round"
              />
              <circle
                cx="12"
                cy="12"
                fill="none"
                r="11.25"
                strokeMiterlimit="10"
              />
            </g>
          </svg>
        </div>
      </div>
    </div>
    <hr
      className="css-mvtkpx"
    />
  </header>
</div>
`;

exports[`SitewideAlerts Successful API request renders the UI snapshot correctly 1`] = `null`;
