// Jest Snapshot v1, https://goo.gl/fbAQLP

exports[`SimpleGrid Renders the SimpleGrid UI snapshot correctly 1`] = `
<div
  className="css-1pbowfz"
  id="test-grid"
/>
`;
